commit 2c354952fdcde91d0183985c5d0207862f8bcf23
Author: bunk.moreland <bunk.moreland@dangelo.barksdale.local>
Date:   Wed Sep 30 20:29:12 2026 +0200

    test export hook

M	.etckeeper
A	etckeeper/commit.d/60export-log

commit 9e667112b1a8778d7466ad486a90b4ffd7b6e541
Author: bunk.moreland <bunk.moreland@dangelo.barksdale.local>
Date:   Wed Sep 30 19:38:02 2026 +0200

    committing changes in /etc made by "apt install tmux"
    
    Package changes:
    +libevent-core-2.1-7t64 2.1.13-stable-1~deb13u1 amd64
    +tmux 3.5a-3 amd64

M	shells

commit b03f59e79b209a39ebbf83e682d37ed8896a3158
Author: bunk.moreland <bunk.moreland@dangelo.barksdale.local>
Date:   Tue Sep 22 21:51:19 2026 +0200

    committing changes in /etc made by "apt install fail2ban -y"
    
    Packages with configuration changes:
    +fail2ban 1.1.0-8 all
    
    Package changes:
    +fail2ban 1.1.0-8 all
    +python3-autocommand 2.2.2-3 all
    +python3-inflect 7.3.1-2 all
    +python3-jaraco.context 6.0.1-1+deb13u1 all
    +python3-jaraco.functools 4.1.0-1 all
    +python3-jaraco.text 4.0.0-1 all
    +python3-more-itertools 10.7.0-1 all
    +python3-pkg-resources 78.1.1-0.1 all
    +python3-pyasyncore 1.0.2-3 all
    +python3-pyinotify 0.9.6-5 all
    +python3-setuptools 78.1.1-0.1 all
    +python3-systemd 235-1+b6 amd64
    +python3-typeguard 4.4.2-1 all
    +python3-typing-extensions 4.13.2-1 all
    +python3-zipp 3.21.0-1 all
    +whois 5.6.3 amd64

M	.etckeeper
A	default/fail2ban
A	fail2ban/action.d/abuseipdb.conf
A	fail2ban/action.d/apf.conf
A	fail2ban/action.d/apprise.conf
A	fail2ban/action.d/blocklist_de.conf
A	fail2ban/action.d/bsd-ipfw.conf
A	fail2ban/action.d/cloudflare-token.conf
A	fail2ban/action.d/cloudflare.conf
A	fail2ban/action.d/complain.conf
A	fail2ban/action.d/dshield.conf
A	fail2ban/action.d/dummy.conf
A	fail2ban/action.d/firewallcmd-allports.conf
A	fail2ban/action.d/firewallcmd-common.conf
A	fail2ban/action.d/firewallcmd-ipset.conf
A	fail2ban/action.d/firewallcmd-multiport.conf
A	fail2ban/action.d/firewallcmd-new.conf
A	fail2ban/action.d/firewallcmd-rich-logging.conf
A	fail2ban/action.d/firewallcmd-rich-rules.conf
A	fail2ban/action.d/helpers-common.conf
A	fail2ban/action.d/hostsdeny.conf
A	fail2ban/action.d/ipfilter.conf
A	fail2ban/action.d/ipfw.conf
A	fail2ban/action.d/iptables-allports.conf
A	fail2ban/action.d/iptables-ipset-proto4.conf
A	fail2ban/action.d/iptables-ipset-proto6-allports.conf
A	fail2ban/action.d/iptables-ipset-proto6.conf
A	fail2ban/action.d/iptables-ipset.conf
A	fail2ban/action.d/iptables-multiport-log.conf
A	fail2ban/action.d/iptables-multiport.conf
A	fail2ban/action.d/iptables-new.conf
A	fail2ban/action.d/iptables-xt_recent-echo.conf
A	fail2ban/action.d/iptables.conf
A	fail2ban/action.d/ipthreat.conf
A	fail2ban/action.d/mail-buffered.conf
A	fail2ban/action.d/mail-whois-common.conf
A	fail2ban/action.d/mail-whois-lines.conf
A	fail2ban/action.d/mail-whois.conf
A	fail2ban/action.d/mail.conf
A	fail2ban/action.d/mikrotik.conf
A	fail2ban/action.d/mynetwatchman.conf
A	fail2ban/action.d/netscaler.conf
A	fail2ban/action.d/nftables-allports.conf
A	fail2ban/action.d/nftables-multiport.conf
A	fail2ban/action.d/nftables.conf
A	fail2ban/action.d/nginx-block-map.conf
A	fail2ban/action.d/npf.conf
A	fail2ban/action.d/nsupdate.conf
A	fail2ban/action.d/osx-afctl.conf
A	fail2ban/action.d/osx-ipfw.conf
A	fail2ban/action.d/pf.conf
A	fail2ban/action.d/route.conf
A	fail2ban/action.d/sendmail-buffered.conf
A	fail2ban/action.d/sendmail-common.conf
A	fail2ban/action.d/sendmail-geoip-lines.conf
A	fail2ban/action.d/sendmail-whois-ipjailmatches.conf
A	fail2ban/action.d/sendmail-whois-ipmatches.conf
A	fail2ban/action.d/sendmail-whois-lines.conf
A	fail2ban/action.d/sendmail-whois-matches.conf
A	fail2ban/action.d/sendmail-whois.conf
A	fail2ban/action.d/sendmail.conf
A	fail2ban/action.d/shorewall-ipset-proto6.conf
A	fail2ban/action.d/shorewall.conf
A	fail2ban/action.d/smtp.py
A	fail2ban/action.d/symbiosis-blacklist-allports.conf
A	fail2ban/action.d/ufw.conf
A	fail2ban/action.d/xarf-login-attack.conf
A	fail2ban/fail2ban.conf
A	fail2ban/filter.d/3proxy.conf
A	fail2ban/filter.d/apache-auth.conf
A	fail2ban/filter.d/apache-badbots.conf
A	fail2ban/filter.d/apache-botsearch.conf
A	fail2ban/filter.d/apache-common.conf
A	fail2ban/filter.d/apache-fakegooglebot.conf
A	fail2ban/filter.d/apache-modsecurity.conf
A	fail2ban/filter.d/apache-nohome.conf
A	fail2ban/filter.d/apache-noscript.conf
A	fail2ban/filter.d/apache-overflows.conf
A	fail2ban/filter.d/apache-pass.conf
A	fail2ban/filter.d/apache-shellshock.conf
A	fail2ban/filter.d/assp.conf
A	fail2ban/filter.d/asterisk.conf
A	fail2ban/filter.d/bitwarden.conf
A	fail2ban/filter.d/botsearch-common.conf
A	fail2ban/filter.d/centreon.conf
A	fail2ban/filter.d/common.conf
A	fail2ban/filter.d/counter-strike.conf
A	fail2ban/filter.d/courier-auth.conf
A	fail2ban/filter.d/courier-smtp.conf
A	fail2ban/filter.d/cyrus-imap.conf
A	fail2ban/filter.d/dante.conf
A	fail2ban/filter.d/directadmin.conf
A	fail2ban/filter.d/domino-smtp.conf
A	fail2ban/filter.d/dovecot.conf
A	fail2ban/filter.d/dropbear.conf
A	fail2ban/filter.d/drupal-auth.conf
A	fail2ban/filter.d/ejabberd-auth.conf
A	fail2ban/filter.d/exim-common.conf
A	fail2ban/filter.d/exim-spam.conf
A	fail2ban/filter.d/exim.conf
A	fail2ban/filter.d/freeswitch.conf
A	fail2ban/filter.d/froxlor-auth.conf
A	fail2ban/filter.d/gitlab.conf
A	fail2ban/filter.d/grafana.conf
A	fail2ban/filter.d/groupoffice.conf
A	fail2ban/filter.d/gssftpd.conf
A	fail2ban/filter.d/guacamole.conf
A	fail2ban/filter.d/haproxy-http-auth.conf
A	fail2ban/filter.d/horde.conf
A	fail2ban/filter.d/ignorecommands/apache-fakegooglebot
A	fail2ban/filter.d/kerio.conf
A	fail2ban/filter.d/lighttpd-auth.conf
A	fail2ban/filter.d/mongodb-auth.conf
A	fail2ban/filter.d/monit.conf
A	fail2ban/filter.d/monitorix.conf
A	fail2ban/filter.d/mssql-auth.conf
A	fail2ban/filter.d/murmur.conf
A	fail2ban/filter.d/mysqld-auth.conf
A	fail2ban/filter.d/nagios.conf
A	fail2ban/filter.d/named-refused.conf
A	fail2ban/filter.d/nginx-bad-request.conf
A	fail2ban/filter.d/nginx-botsearch.conf
A	fail2ban/filter.d/nginx-error-common.conf
A	fail2ban/filter.d/nginx-forbidden.conf
A	fail2ban/filter.d/nginx-http-auth.conf
A	fail2ban/filter.d/nginx-limit-req.conf
A	fail2ban/filter.d/nsd.conf
A	fail2ban/filter.d/openhab.conf
A	fail2ban/filter.d/openwebmail.conf
A	fail2ban/filter.d/oracleims.conf
A	fail2ban/filter.d/pam-generic.conf
A	fail2ban/filter.d/perdition.conf
A	fail2ban/filter.d/php-url-fopen.conf
A	fail2ban/filter.d/phpmyadmin-syslog.conf
A	fail2ban/filter.d/portsentry.conf
A	fail2ban/filter.d/postfix.conf
A	fail2ban/filter.d/proftpd.conf
A	fail2ban/filter.d/pure-ftpd.conf
A	fail2ban/filter.d/qmail.conf
A	fail2ban/filter.d/recidive.conf
A	fail2ban/filter.d/roundcube-auth.conf
A	fail2ban/filter.d/routeros-auth.conf
A	fail2ban/filter.d/scanlogd.conf
A	fail2ban/filter.d/screensharingd.conf
A	fail2ban/filter.d/selinux-common.conf
A	fail2ban/filter.d/selinux-ssh.conf
A	fail2ban/filter.d/sendmail-auth.conf
A	fail2ban/filter.d/sendmail-reject.conf
A	fail2ban/filter.d/sieve.conf
A	fail2ban/filter.d/slapd.conf
A	fail2ban/filter.d/softethervpn.conf
A	fail2ban/filter.d/sogo-auth.conf
A	fail2ban/filter.d/solid-pop3d.conf
A	fail2ban/filter.d/squid.conf
A	fail2ban/filter.d/squirrelmail.conf
A	fail2ban/filter.d/sshd.conf
A	fail2ban/filter.d/stunnel.conf
A	fail2ban/filter.d/suhosin.conf
A	fail2ban/filter.d/tine20.conf
A	fail2ban/filter.d/traefik-auth.conf
A	fail2ban/filter.d/uwimap-auth.conf
A	fail2ban/filter.d/vsftpd.conf
A	fail2ban/filter.d/webmin-auth.conf
A	fail2ban/filter.d/wuftpd.conf
A	fail2ban/filter.d/xinetd-fail.conf
A	fail2ban/filter.d/znc-adminlog.conf
A	fail2ban/filter.d/zoneminder.conf
A	fail2ban/jail.conf
A	fail2ban/jail.d/defaults-debian.conf
A	fail2ban/paths-arch.conf
A	fail2ban/paths-common.conf
A	fail2ban/paths-debian.conf
A	fail2ban/paths-opensuse.conf
A	init.d/fail2ban
A	logrotate.d/fail2ban
A	monit/monitrc.d/fail2ban
A	rc0.d/K01fail2ban
A	rc1.d/K01fail2ban
A	rc2.d/S01fail2ban
A	rc3.d/S01fail2ban
A	rc4.d/S01fail2ban
A	rc5.d/S01fail2ban
A	rc6.d/K01fail2ban
A	systemd/system/multi-user.target.wants/fail2ban.service

commit bad7b93d1354a2b64252ad8ce9e8a888072e49df
Author: bunk.moreland <bunk.moreland@dangelo.barksdale.local>
Date:   Tue Sep 22 21:42:13 2026 +0200

    Hardening Baseline komplett: Aktiverat sudo I/O-loggning

M	sudoers

commit cb287aed863a178b43a37df35484a75a22256071
Author: bunk.moreland <bunk.moreland@dangelo.barksdale.local>
Date:   Tue Sep 22 20:56:41 2026 +0200

    aktivated UFW ports 22 & 3389

M	ufw/ufw.conf
M	ufw/user.rules
M	ufw/user6.rules

commit e3ae07a49def8aed578ff5eaac355b9485e4d8f3
Author: bunk.moreland <bunk.moreland@dangelo.barksdale.local>
Date:   Tue Sep 22 20:20:23 2026 +0200

    Initial commit

A	.etckeeper
A	.gitignore
A	.updated
A	ImageMagick-7/colors.xml
A	ImageMagick-7/delegates.xml
A	ImageMagick-7/log.xml
A	ImageMagick-7/mime.xml
A	ImageMagick-7/policy.xml
A	ImageMagick-7/quantization-table.xml
A	ImageMagick-7/thresholds.xml
A	ImageMagick-7/type-apple.xml
A	ImageMagick-7/type-dejavu.xml
A	ImageMagick-7/type-ghostscript.xml
A	ImageMagick-7/type-urw-base35-type1.xml
A	ImageMagick-7/type-urw-base35.xml
A	ImageMagick-7/type-windows.xml
A	ImageMagick-7/type.xml
A	NetworkManager/NetworkManager.conf
A	NetworkManager/system-connections/Wired connection 1
A	PackageKit/PackageKit.conf
A	PackageKit/Vendor.conf
A	UPower/UPower.conf
A	X11/Xreset
A	X11/Xreset.d/README
A	X11/Xresources/x11-common
A	X11/Xsession
A	X11/Xsession.d/20dbus_xdg-runtime
A	X11/Xsession.d/20vdpau-va-gl
A	X11/Xsession.d/20x11-common_process-args
A	X11/Xsession.d/30x11-common_xresources
A	X11/Xsession.d/35x11-common_xhost-local
A	X11/Xsession.d/40x11-common_xsessionrc
A	X11/Xsession.d/50x11-common_determine-startup
A	X11/Xsession.d/55gnome-session_gnomerc
A	X11/Xsession.d/70im-config_launch
A	X11/Xsession.d/90atk-adaptor
A	X11/Xsession.d/90gpg-agent
A	X11/Xsession.d/90qt-a11y
A	X11/Xsession.d/90x11-common_ssh-agent
A	X11/Xsession.d/90xbrlapi
A	X11/Xsession.d/99x11-common_start
A	X11/Xsession.options
A	X11/XvMCConfig
A	X11/Xwrapper.config
A	X11/app-defaults/Bitmap
A	X11/app-defaults/Bitmap-color
A	X11/app-defaults/Bitmap-nocase
A	X11/app-defaults/Clock-color
A	X11/app-defaults/Editres
A	X11/app-defaults/Editres-color
A	X11/app-defaults/KOI8RXTerm
A	X11/app-defaults/KOI8RXTerm-color
A	X11/app-defaults/UXTerm
A	X11/app-defaults/UXTerm-color
A	X11/app-defaults/Viewres
A	X11/app-defaults/Viewres-color
A	X11/app-defaults/XCalc
A	X11/app-defaults/XCalc-color
A	X11/app-defaults/XClipboard
A	X11/app-defaults/XClock
A	X11/app-defaults/XClock-color
A	X11/app-defaults/XConsole
A	X11/app-defaults/XFontSel
A	X11/app-defaults/XLoad
A	X11/app-defaults/XLogo
A	X11/app-defaults/XLogo-color
A	X11/app-defaults/XMore
A	X11/app-defaults/XSm
A	X11/app-defaults/XTerm
A	X11/app-defaults/XTerm-color
A	X11/app-defaults/Xditview
A	X11/app-defaults/Xditview-chrtr
A	X11/app-defaults/Xedit
A	X11/app-defaults/Xedit-color
A	X11/app-defaults/Xfd
A	X11/app-defaults/Xgc
A	X11/app-defaults/Xgc-color
A	X11/app-defaults/Xmag
A	X11/app-defaults/Xman
A	X11/app-defaults/Xmessage
A	X11/app-defaults/Xmessage-color
A	X11/app-defaults/Xvidtune
A	X11/default-display-manager
A	X11/fonts/100dpi/xfonts-100dpi.alias
A	X11/fonts/75dpi/xfonts-75dpi.alias
A	X11/fonts/Type1/fonts-urw-base35.alias
A	X11/fonts/Type1/fonts-urw-base35.scale
A	X11/fonts/Type1/xfonts-scalable.scale
A	X11/fonts/misc/xfonts-base.alias
A	X11/rgb.txt
A	X11/xinit/xinitrc
A	X11/xinit/xinputrc
A	X11/xinit/xserverrc
A	X11/xsm/system.xsm
A	adduser.conf
A	alsa/conf.d/50-pipewire.conf
A	alsa/conf.d/99-pipewire-default.conf
A	alternatives/README
A	alternatives/arptables
A	alternatives/arptables-restore
A	alternatives/arptables-save
A	alternatives/awk
A	alternatives/awk.1.gz
A	alternatives/bf_compact
A	alternatives/bf_copy
A	alternatives/bf_tar
A	alternatives/bogofilter
A	alternatives/bogolexer
A	alternatives/bogotune
A	alternatives/bogoupgrade
A	alternatives/bogoutil
A	alternatives/builtins.7.gz
A	alternatives/cpp
A	alternatives/default-GM.sf2
A	alternatives/default-GM.sf3
A	alternatives/desktop-background
A	alternatives/desktop-background.xml
A	alternatives/desktop-grub
A	alternatives/desktop-grub.sh
A	alternatives/desktop-lockscreen.xml
A	alternatives/desktop-login-background
A	alternatives/desktop-plasma5-wallpaper
A	alternatives/desktop-theme
A	alternatives/ebtables
A	alternatives/ebtables-restore
A	alternatives/ebtables-save
A	alternatives/editor
A	alternatives/editor.1.gz
A	alternatives/emblem-vendor-128
A	alternatives/emblem-vendor-256
A	alternatives/emblem-vendor-64
A	alternatives/emblem-vendor-scalable
A	alternatives/emblem-vendor-symbolic-128
A	alternatives/emblem-vendor-symbolic-256
A	alternatives/emblem-vendor-symbolic-64
A	alternatives/emblem-vendor-symbolic-scalable
A	alternatives/emblem-vendor-white-128
A	alternatives/emblem-vendor-white-256
A	alternatives/emblem-vendor-white-64
A	alternatives/emblem-vendor-white-scalable
A	alternatives/ex
A	alternatives/ex.1.gz
A	alternatives/ex.da.1.gz
A	alternatives/ex.de.1.gz
A	alternatives/ex.fr.1.gz
A	alternatives/ex.it.1.gz
A	alternatives/ex.ja.1.gz
A	alternatives/ex.pl.1.gz
A	alternatives/ex.ru.1.gz
A	alternatives/ex.tr.1.gz
A	alternatives/gdm-smartcard
A	alternatives/gnome-www-browser
A	alternatives/gnome-www-browser.1.gz
A	alternatives/gstreamer-codec-install
A	alternatives/ip6tables
A	alternatives/ip6tables-restore
A	alternatives/ip6tables-save
A	alternatives/iptables
A	alternatives/iptables-restore
A	alternatives/iptables-save
A	alternatives/lft
A	alternatives/lft.1.gz
A	alternatives/libblas.so.3-x86_64-linux-gnu
A	alternatives/liblapack.so.3-x86_64-linux-gnu
A	alternatives/lzcat
A	alternatives/lzcat.1.gz
A	alternatives/lzcmp
A	alternatives/lzcmp.1.gz
A	alternatives/lzdiff
A	alternatives/lzdiff.1.gz
A	alternatives/lzegrep
A	alternatives/lzegrep.1.gz
A	alternatives/lzfgrep
A	alternatives/lzfgrep.1.gz
A	alternatives/lzgrep
A	alternatives/lzgrep.1.gz
A	alternatives/lzless
A	alternatives/lzless.1.gz
A	alternatives/lzma
A	alternatives/lzma.1.gz
A	alternatives/lzmore
A	alternatives/lzmore.1.gz
A	alternatives/mt
A	alternatives/mt.1.gz
A	alternatives/nawk
A	alternatives/nawk.1.gz
A	alternatives/nc
A	alternatives/nc.1.gz
A	alternatives/netcat
A	alternatives/netcat.1.gz
A	alternatives/open
A	alternatives/open.1.gz
A	alternatives/pager
A	alternatives/pager.1.gz
A	alternatives/pico
A	alternatives/pico.1.gz
A	alternatives/pinentry
A	alternatives/pinentry-x11
A	alternatives/pinentry-x11.1.gz
A	alternatives/pinentry.1.gz
A	alternatives/regulatory.db
A	alternatives/regulatory.db.p7s
A	alternatives/rmt
A	alternatives/rmt.8.gz
A	alternatives/rview
A	alternatives/tcptraceroute
A	alternatives/tcptraceroute.8.gz
A	alternatives/telnet
A	alternatives/telnet.1.gz
A	alternatives/traceproto
A	alternatives/traceproto.1.gz
A	alternatives/traceroute
A	alternatives/traceroute.1.gz
A	alternatives/traceroute.sbin
A	alternatives/traceroute6
A	alternatives/traceroute6.1.gz
A	alternatives/unlzma
A	alternatives/unlzma.1.gz
A	alternatives/vendor-logos
A	alternatives/vi
A	alternatives/vi.1.gz
A	alternatives/vi.da.1.gz
A	alternatives/vi.de.1.gz
A	alternatives/vi.fr.1.gz
A	alternatives/vi.it.1.gz
A	alternatives/vi.ja.1.gz
A	alternatives/vi.pl.1.gz
A	alternatives/vi.ru.1.gz
A	alternatives/vi.tr.1.gz
A	alternatives/view
A	alternatives/view.1.gz
A	alternatives/view.da.1.gz
A	alternatives/view.de.1.gz
A	alternatives/view.fr.1.gz
A	alternatives/view.it.1.gz
A	alternatives/view.ja.1.gz
A	alternatives/view.pl.1.gz
A	alternatives/view.ru.1.gz
A	alternatives/view.tr.1.gz
A	alternatives/which
A	alternatives/which.1.gz
A	alternatives/which.de1.gz
A	alternatives/which.es1.gz
A	alternatives/which.fr1.gz
A	alternatives/which.it1.gz
A	alternatives/which.ja1.gz
A	alternatives/which.pl1.gz
A	alternatives/which.sl1.gz
A	alternatives/www-browser
A	alternatives/www-browser.1.gz
A	alternatives/x-cursor-theme
A	alternatives/x-session-manager
A	alternatives/x-session-manager.1.gz
A	alternatives/x-terminal-emulator
A	alternatives/x-terminal-emulator.1.gz
A	alternatives/x-www-browser
A	alternatives/x-www-browser.1.gz
A	anacrontab
A	apache2/conf-available/javascript-common.conf
A	apache2/mods-available/dnssd.conf
A	apache2/mods-available/dnssd.load
A	apparmor.d/1password
A	apparmor.d/Discord
A	apparmor.d/MongoDB_Compass
A	apparmor.d/QtWebEngineProcess
A	apparmor.d/Xorg
A	apparmor.d/abi/3.0
A	apparmor.d/abi/4.0
A	apparmor.d/abi/kernel-5.4-outoftree-network
A	apparmor.d/abi/kernel-5.4-vanilla
A	apparmor.d/abstractions/X
A	apparmor.d/abstractions/apache2-common
A	apparmor.d/abstractions/apparmor_api/change_profile
A	apparmor.d/abstractions/apparmor_api/examine
A	apparmor.d/abstractions/apparmor_api/find_mountpoint
A	apparmor.d/abstractions/apparmor_api/introspect
A	apparmor.d/abstractions/apparmor_api/is_enabled
A	apparmor.d/abstractions/aspell
A	apparmor.d/abstractions/audio
A	apparmor.d/abstractions/authentication
A	apparmor.d/abstractions/base
A	apparmor.d/abstractions/bash
A	apparmor.d/abstractions/consoles
A	apparmor.d/abstractions/crypto
A	apparmor.d/abstractions/cups-client
A	apparmor.d/abstractions/dbus
A	apparmor.d/abstractions/dbus-accessibility
A	apparmor.d/abstractions/dbus-accessibility-strict
A	apparmor.d/abstractions/dbus-network-manager-strict
A	apparmor.d/abstractions/dbus-session
A	apparmor.d/abstractions/dbus-session-strict
A	apparmor.d/abstractions/dbus-strict
A	apparmor.d/abstractions/dconf
A	apparmor.d/abstractions/devices-usb
A	apparmor.d/abstractions/devices-usb-read
A	apparmor.d/abstractions/dovecot-common
A	apparmor.d/abstractions/dri-common
A	apparmor.d/abstractions/dri-enumerate
A	apparmor.d/abstractions/enchant
A	apparmor.d/abstractions/evince
A	apparmor.d/abstractions/exo-open
A	apparmor.d/abstractions/fcitx
A	apparmor.d/abstractions/fcitx-strict
A	apparmor.d/abstractions/fonts
A	apparmor.d/abstractions/freedesktop.org
A	apparmor.d/abstractions/gio-open
A	apparmor.d/abstractions/gnome
A	apparmor.d/abstractions/gnupg
A	apparmor.d/abstractions/groff
A	apparmor.d/abstractions/gtk
A	apparmor.d/abstractions/gvfs-open
A	apparmor.d/abstractions/hosts_access
A	apparmor.d/abstractions/ibus
A	apparmor.d/abstractions/kde
A	apparmor.d/abstractions/kde-globals-write
A	apparmor.d/abstractions/kde-icon-cache-write
A	apparmor.d/abstractions/kde-language-write
A	apparmor.d/abstractions/kde-open5
A	apparmor.d/abstractions/kerberosclient
A	apparmor.d/abstractions/ldapclient
A	apparmor.d/abstractions/libpam-systemd
A	apparmor.d/abstractions/likewise
A	apparmor.d/abstractions/mdns
A	apparmor.d/abstractions/mesa
A	apparmor.d/abstractions/mir
A	apparmor.d/abstractions/mozc
A	apparmor.d/abstractions/mysql
A	apparmor.d/abstractions/nameservice
A	apparmor.d/abstractions/nameservice-strict
A	apparmor.d/abstractions/nis
A	apparmor.d/abstractions/nss-systemd
A	apparmor.d/abstractions/nvidia
A	apparmor.d/abstractions/opencl
A	apparmor.d/abstractions/opencl-common
A	apparmor.d/abstractions/opencl-intel
A	apparmor.d/abstractions/opencl-mesa
A	apparmor.d/abstractions/opencl-nvidia
A	apparmor.d/abstractions/opencl-pocl
A	apparmor.d/abstractions/openssl
A	apparmor.d/abstractions/orbit2
A	apparmor.d/abstractions/p11-kit
A	apparmor.d/abstractions/perl
A	apparmor.d/abstractions/php
A	apparmor.d/abstractions/php-worker
A	apparmor.d/abstractions/php5
A	apparmor.d/abstractions/postfix-common
A	apparmor.d/abstractions/private-files
A	apparmor.d/abstractions/private-files-strict
A	apparmor.d/abstractions/python
A	apparmor.d/abstractions/qt5
A	apparmor.d/abstractions/qt5-compose-cache-write
A	apparmor.d/abstractions/qt5-settings-write
A	apparmor.d/abstractions/qt6
A	apparmor.d/abstractions/qt6-compose-cache-write
A	apparmor.d/abstractions/qt6-settings-write
A	apparmor.d/abstractions/recent-documents-write
A	apparmor.d/abstractions/ruby
A	apparmor.d/abstractions/samba
A	apparmor.d/abstractions/samba-rpcd
A	apparmor.d/abstractions/smbpass
A	apparmor.d/abstractions/snap_browsers
A	apparmor.d/abstractions/ssl_certs
A	apparmor.d/abstractions/ssl_keys
A	apparmor.d/abstractions/svn-repositories
A	apparmor.d/abstractions/terminfo
A	apparmor.d/abstractions/transmission-common
A	apparmor.d/abstractions/trash
A	apparmor.d/abstractions/ubuntu-bittorrent-clients
A	apparmor.d/abstractions/ubuntu-browsers
A	apparmor.d/abstractions/ubuntu-browsers.d/java
A	apparmor.d/abstractions/ubuntu-browsers.d/kde
A	apparmor.d/abstractions/ubuntu-browsers.d/mailto
A	apparmor.d/abstractions/ubuntu-browsers.d/multimedia
A	apparmor.d/abstractions/ubuntu-browsers.d/plugins-common
A	apparmor.d/abstractions/ubuntu-browsers.d/productivity
A	apparmor.d/abstractions/ubuntu-browsers.d/text-editors
A	apparmor.d/abstractions/ubuntu-browsers.d/ubuntu-integration
A	apparmor.d/abstractions/ubuntu-browsers.d/ubuntu-integration-xul
A	apparmor.d/abstractions/ubuntu-browsers.d/user-files
A	apparmor.d/abstractions/ubuntu-console-browsers
A	apparmor.d/abstractions/ubuntu-console-email
A	apparmor.d/abstractions/ubuntu-email
A	apparmor.d/abstractions/ubuntu-feed-readers
A	apparmor.d/abstractions/ubuntu-gnome-terminal
A	apparmor.d/abstractions/ubuntu-helpers
A	apparmor.d/abstractions/ubuntu-konsole
A	apparmor.d/abstractions/ubuntu-media-players
A	apparmor.d/abstractions/ubuntu-unity7-base
A	apparmor.d/abstractions/ubuntu-unity7-launcher
A	apparmor.d/abstractions/ubuntu-unity7-messaging
A	apparmor.d/abstractions/ubuntu-xterm
A	apparmor.d/abstractions/user-download
A	apparmor.d/abstractions/user-mail
A	apparmor.d/abstractions/user-manpages
A	apparmor.d/abstractions/user-tmp
A	apparmor.d/abstractions/user-write
A	apparmor.d/abstractions/video
A	apparmor.d/abstractions/vulkan
A	apparmor.d/abstractions/wayland
A	apparmor.d/abstractions/web-data
A	apparmor.d/abstractions/winbind
A	apparmor.d/abstractions/wutmp
A	apparmor.d/abstractions/xad
A	apparmor.d/abstractions/xdg-desktop
A	apparmor.d/abstractions/xdg-open
A	apparmor.d/balena-etcher
A	apparmor.d/brave
A	apparmor.d/buildah
A	apparmor.d/busybox
A	apparmor.d/cam
A	apparmor.d/ch-checkns
A	apparmor.d/ch-run
A	apparmor.d/chrome
A	apparmor.d/chromium
A	apparmor.d/code
A	apparmor.d/crun
A	apparmor.d/devhelp
A	apparmor.d/element-desktop
A	apparmor.d/epiphany
A	apparmor.d/evolution
A	apparmor.d/firefox
A	apparmor.d/flatpak
A	apparmor.d/foliate
A	apparmor.d/geary
A	apparmor.d/github-desktop
A	apparmor.d/goldendict
A	apparmor.d/ipa_verify
A	apparmor.d/kchmviewer
A	apparmor.d/keybase
A	apparmor.d/lc-compliance
A	apparmor.d/libcamerify
A	apparmor.d/linux-sandbox
A	apparmor.d/local/README
A	apparmor.d/local/lsb_release
A	apparmor.d/local/nvidia_modprobe
A	apparmor.d/local/usr.bin.evince
A	apparmor.d/local/usr.bin.man
A	apparmor.d/local/usr.lib.libreoffice.program.oosplash
A	apparmor.d/local/usr.lib.libreoffice.program.senddoc
A	apparmor.d/local/usr.lib.libreoffice.program.soffice.bin
A	apparmor.d/local/usr.lib.libreoffice.program.xpdfimport
A	apparmor.d/local/usr.libexec.geoclue
A	apparmor.d/local/usr.sbin.cups-browsed
A	apparmor.d/local/usr.sbin.cupsd
A	apparmor.d/loupe
A	apparmor.d/lsb_release
A	apparmor.d/lxc-attach
A	apparmor.d/lxc-create
A	apparmor.d/lxc-destroy
A	apparmor.d/lxc-execute
A	apparmor.d/lxc-stop
A	apparmor.d/lxc-unshare
A	apparmor.d/lxc-usernsexec
A	apparmor.d/mmdebstrap
A	apparmor.d/msedge
A	apparmor.d/nautilus
A	apparmor.d/notepadqq
A	apparmor.d/nvidia_modprobe
A	apparmor.d/obsidian
A	apparmor.d/opam
A	apparmor.d/opera
A	apparmor.d/pageedit
A	apparmor.d/plasmashell
A	apparmor.d/polypane
A	apparmor.d/privacybrowser
A	apparmor.d/qcam
A	apparmor.d/qmapshack
A	apparmor.d/qutebrowser
A	apparmor.d/rootlesskit
A	apparmor.d/rpm
A	apparmor.d/rssguard
A	apparmor.d/runc
A	apparmor.d/sbuild
A	apparmor.d/sbuild-abort
A	apparmor.d/sbuild-adduser
A	apparmor.d/sbuild-apt
A	apparmor.d/sbuild-checkpackages
A	apparmor.d/sbuild-clean
A	apparmor.d/sbuild-createchroot
A	apparmor.d/sbuild-destroychroot
A	apparmor.d/sbuild-distupgrade
A	apparmor.d/sbuild-hold
A	apparmor.d/sbuild-shell
A	apparmor.d/sbuild-unhold
A	apparmor.d/sbuild-update
A	apparmor.d/sbuild-upgrade
A	apparmor.d/scide
A	apparmor.d/signal-desktop
A	apparmor.d/slack
A	apparmor.d/slirp4netns
A	apparmor.d/steam
A	apparmor.d/stress-ng
A	apparmor.d/surfshark
A	apparmor.d/systemd-coredump
A	apparmor.d/toybox
A	apparmor.d/transmission
A	apparmor.d/trinity
A	apparmor.d/tunables/alias
A	apparmor.d/tunables/apparmorfs
A	apparmor.d/tunables/dovecot
A	apparmor.d/tunables/etc
A	apparmor.d/tunables/global
A	apparmor.d/tunables/home
A	apparmor.d/tunables/home.d/site.local
A	apparmor.d/tunables/home.d/ubuntu
A	apparmor.d/tunables/kernelvars
A	apparmor.d/tunables/multiarch
A	apparmor.d/tunables/multiarch.d/site.local
A	apparmor.d/tunables/proc
A	apparmor.d/tunables/run
A	apparmor.d/tunables/securityfs
A	apparmor.d/tunables/share
A	apparmor.d/tunables/sys
A	apparmor.d/tunables/system
A	apparmor.d/tunables/xdg-user-dirs
A	apparmor.d/tunables/xdg-user-dirs.d/site.local
A	apparmor.d/tup
A	apparmor.d/tuxedo-control-center
A	apparmor.d/unix-chkpwd
A	apparmor.d/unprivileged_userns
A	apparmor.d/userbindmount
A	apparmor.d/usr.bin.evince
A	apparmor.d/usr.bin.man
A	apparmor.d/usr.lib.libreoffice.program.oosplash
A	apparmor.d/usr.lib.libreoffice.program.senddoc
A	apparmor.d/usr.lib.libreoffice.program.soffice.bin
A	apparmor.d/usr.lib.libreoffice.program.xpdfimport
A	apparmor.d/usr.libexec.geoclue
A	apparmor.d/usr.sbin.cups-browsed
A	apparmor.d/usr.sbin.cupsd
A	apparmor.d/uwsgi-core
A	apparmor.d/vdens
A	apparmor.d/virtiofsd
A	apparmor.d/vivaldi-bin
A	apparmor.d/vpnns
A	apparmor.d/wike
A	apparmor.d/wpcom
A	apparmor/parser.conf
A	apt/apt.conf.d/00CDMountPoint
A	apt/apt.conf.d/00aptitude
A	apt/apt.conf.d/00trustcdrom
A	apt/apt.conf.d/01autoremove
A	apt/apt.conf.d/05etckeeper
A	apt/apt.conf.d/20listchanges
A	apt/apt.conf.d/20packagekit
A	apt/apt.conf.d/50appstream
A	apt/apt.conf.d/60icons
A	apt/apt.conf.d/70debconf
A	apt/listchanges.conf
A	apt/sources.list
A	apt/trusted.gpg.d/debian-archive-bookworm-automatic.asc
A	apt/trusted.gpg.d/debian-archive-bookworm-security-automatic.asc
A	apt/trusted.gpg.d/debian-archive-bookworm-stable.asc
A	apt/trusted.gpg.d/debian-archive-bullseye-automatic.asc
A	apt/trusted.gpg.d/debian-archive-bullseye-security-automatic.asc
A	apt/trusted.gpg.d/debian-archive-bullseye-stable.asc
A	apt/trusted.gpg.d/debian-archive-trixie-automatic.asc
A	apt/trusted.gpg.d/debian-archive-trixie-security-automatic.asc
A	apt/trusted.gpg.d/debian-archive-trixie-stable.asc
A	avahi/avahi-daemon.conf
A	avahi/hosts
A	bash.bashrc
A	bash_completion
A	bash_completion.d/000_bash_completion_compat.bash
A	bash_completion.d/git-prompt
A	bindresvport.blacklist
A	bluetooth/input.conf
A	bluetooth/main.conf
A	bluetooth/network.conf
A	bogofilter.cf
A	ca-certificates.conf
A	chatscripts/gprs
A	chatscripts/pap
A	chatscripts/provider
A	chromium/native-messaging-hosts/org.gnome.browser_connector.json
A	chromium/native-messaging-hosts/org.gnome.chrome_gnome_shell.json
A	console-setup/cached_Lat15-Fixed16.psf.gz
A	console-setup/cached_UTF-8_del.kmap.gz
A	console-setup/cached_setup_font.sh
A	console-setup/cached_setup_keyboard.sh
A	console-setup/cached_setup_terminal.sh
A	console-setup/compose.ARMSCII-8.inc
A	console-setup/compose.CP1251.inc
A	console-setup/compose.CP1255.inc
A	console-setup/compose.CP1256.inc
A	console-setup/compose.GEORGIAN-ACADEMY.inc
A	console-setup/compose.GEORGIAN-PS.inc
A	console-setup/compose.IBM1133.inc
A	console-setup/compose.ISIRI-3342.inc
A	console-setup/compose.ISO-8859-1.inc
A	console-setup/compose.ISO-8859-10.inc
A	console-setup/compose.ISO-8859-11.inc
A	console-setup/compose.ISO-8859-13.inc
A	console-setup/compose.ISO-8859-14.inc
A	console-setup/compose.ISO-8859-15.inc
A	console-setup/compose.ISO-8859-16.inc
A	console-setup/compose.ISO-8859-2.inc
A	console-setup/compose.ISO-8859-3.inc
A	console-setup/compose.ISO-8859-4.inc
A	console-setup/compose.ISO-8859-5.inc
A	console-setup/compose.ISO-8859-6.inc
A	console-setup/compose.ISO-8859-7.inc
A	console-setup/compose.ISO-8859-8.inc
A	console-setup/compose.ISO-8859-9.inc
A	console-setup/compose.KOI8-R.inc
A	console-setup/compose.KOI8-U.inc
A	console-setup/compose.TIS-620.inc
A	console-setup/compose.VISCII.inc
A	console-setup/remap.inc
A	cracklib/cracklib.conf
A	cron.d/.placeholder
A	cron.d/anacron
A	cron.d/e2scrub_all
A	cron.daily/.placeholder
A	cron.daily/0anacron
A	cron.daily/apt-compat
A	cron.daily/dpkg
A	cron.daily/etckeeper
A	cron.daily/logrotate
A	cron.daily/man-db
A	cron.hourly/.placeholder
A	cron.monthly/.placeholder
A	cron.monthly/0anacron
A	cron.weekly/.placeholder
A	cron.weekly/0anacron
A	cron.weekly/man-db
A	cron.yearly/.placeholder
A	cron.yearly/0anacron
A	crontab
A	cruft/filters-unex/etckeeper
A	cups/cups-browsed.conf
A	cups/cups-files.conf
A	cups/cupsd.conf
A	cups/raw.convs
A	cups/raw.types
A	cups/snmp.conf
A	cupshelpers/preferreddrivers.xml
A	dbus-1/system.d/com.redhat.NewPrinterNotification.conf
A	dbus-1/system.d/com.redhat.PrinterDriversInstaller.conf
A	dbus-1/system.d/org.opensuse.CupsPkHelper.Mechanism.conf
A	dconf/db/ibus
A	dconf/db/ibus.d/00-upstream-settings
A	dconf/profile/ibus
A	debconf.conf
A	debian_version
A	default/anacron
A	default/bluetooth
A	default/console-setup
A	default/cron
A	default/dbus
A	default/grub
A	default/im-config
A	default/intel-microcode
A	default/keyboard
A	default/locale
A	default/networking
A	default/nss
A	default/saned
A	default/ssh
A	default/ufw
A	default/useradd
A	deluser.conf
A	dhcp/dhclient-exit-hooks.d/timesyncd
A	dhcpcd.conf
A	dictionaries-common/default.aff
A	dictionaries-common/default.hash
A	dictionaries-common/ispell-default
A	dictionaries-common/words
A	dpkg/dpkg.cfg
A	dpkg/origins/debian
A	dpkg/origins/default
A	e2scrub.conf
A	emacs/site-start.d/50dictionaries-common.el
A	environment
A	environment.d/90atk-adaptor.conf
A	environment.d/90qt-a11y.conf
A	etckeeper/commit.d/10vcs-test
A	etckeeper/commit.d/20store-metadata
A	etckeeper/commit.d/30bzr-add
A	etckeeper/commit.d/30darcs-add
A	etckeeper/commit.d/30git-add
A	etckeeper/commit.d/30hg-addremove
A	etckeeper/commit.d/50vcs-commit
A	etckeeper/commit.d/99push
A	etckeeper/commit.d/README
A	etckeeper/daily
A	etckeeper/etckeeper.conf
A	etckeeper/init.d/10restore-metadata
A	etckeeper/init.d/20restore-etckeeper
A	etckeeper/init.d/40vcs-init
A	etckeeper/init.d/50vcs-ignore
A	etckeeper/init.d/50vcs-perm
A	etckeeper/init.d/50vcs-pre-commit-hook
A	etckeeper/init.d/60darcs-deleted-symlinks
A	etckeeper/init.d/70vcs-add
A	etckeeper/init.d/README
A	etckeeper/list-installed.d/50list-installed
A	etckeeper/post-install.d/50vcs-commit
A	etckeeper/post-install.d/README
A	etckeeper/pre-commit.d/20warn-problem-files
A	etckeeper/pre-commit.d/30store-metadata
A	etckeeper/pre-commit.d/README
A	etckeeper/pre-install.d/10packagelist
A	etckeeper/pre-install.d/50uncommitted-changes
A	etckeeper/pre-install.d/README
A	etckeeper/unclean.d/50test
A	etckeeper/unclean.d/README
A	etckeeper/uninit.d/01prompt
A	etckeeper/uninit.d/50remove-metadata
A	etckeeper/uninit.d/50vcs-uninit
A	etckeeper/uninit.d/README
A	etckeeper/update-ignore.d/01update-ignore
A	etckeeper/update-ignore.d/README
A	etckeeper/vcs.d/50vcs-cmd
A	ethertypes
A	firefox-esr/firefox-esr.js
A	fonts/conf.avail/20-unhint-small-dejavu-lgc-sans-mono.conf
A	fonts/conf.avail/20-unhint-small-dejavu-lgc-sans.conf
A	fonts/conf.avail/20-unhint-small-dejavu-lgc-serif.conf
A	fonts/conf.avail/20-unhint-small-dejavu-sans-mono.conf
A	fonts/conf.avail/20-unhint-small-dejavu-sans.conf
A	fonts/conf.avail/20-unhint-small-dejavu-serif.conf
A	fonts/conf.avail/30-droid-noto-mono.conf
A	fonts/conf.avail/57-dejavu-sans-mono.conf
A	fonts/conf.avail/57-dejavu-sans.conf
A	fonts/conf.avail/57-dejavu-serif.conf
A	fonts/conf.avail/58-dejavu-lgc-sans-mono.conf
A	fonts/conf.avail/58-dejavu-lgc-sans.conf
A	fonts/conf.avail/58-dejavu-lgc-serif.conf
A	fonts/conf.avail/65-droid-sans-fallback.conf
A	fonts/conf.d/10-hinting-slight.conf
A	fonts/conf.d/10-scale-bitmap-fonts.conf
A	fonts/conf.d/10-sub-pixel-none.conf
A	fonts/conf.d/10-yes-antialias.conf
A	fonts/conf.d/11-lcdfilter-default.conf
A	fonts/conf.d/20-unhint-small-dejavu-lgc-sans-mono.conf
A	fonts/conf.d/20-unhint-small-dejavu-lgc-sans.conf
A	fonts/conf.d/20-unhint-small-dejavu-lgc-serif.conf
A	fonts/conf.d/20-unhint-small-dejavu-sans-mono.conf
A	fonts/conf.d/20-unhint-small-dejavu-sans.conf
A	fonts/conf.d/20-unhint-small-dejavu-serif.conf
A	fonts/conf.d/20-unhint-small-vera.conf
A	fonts/conf.d/30-metric-aliases.conf
A	fonts/conf.d/30-opensymbol.conf
A	fonts/conf.d/40-nonlatin.conf
A	fonts/conf.d/45-generic.conf
A	fonts/conf.d/45-latin.conf
A	fonts/conf.d/48-spacing.conf
A	fonts/conf.d/49-sansserif.conf
A	fonts/conf.d/50-user.conf
A	fonts/conf.d/51-local.conf
A	fonts/conf.d/57-dejavu-sans-mono.conf
A	fonts/conf.d/57-dejavu-sans.conf
A	fonts/conf.d/57-dejavu-serif.conf
A	fonts/conf.d/58-dejavu-lgc-sans-mono.conf
A	fonts/conf.d/58-dejavu-lgc-sans.conf
A	fonts/conf.d/58-dejavu-lgc-serif.conf
A	fonts/conf.d/60-generic.conf
A	fonts/conf.d/60-latin.conf
A	fonts/conf.d/61-urw-bookman.conf
A	fonts/conf.d/61-urw-c059.conf
A	fonts/conf.d/61-urw-d050000l.conf
A	fonts/conf.d/61-urw-fallback-backwards.conf
A	fonts/conf.d/61-urw-fallback-generics.conf
A	fonts/conf.d/61-urw-gothic.conf
A	fonts/conf.d/61-urw-nimbus-mono-ps.conf
A	fonts/conf.d/61-urw-nimbus-roman.conf
A	fonts/conf.d/61-urw-nimbus-sans.conf
A	fonts/conf.d/61-urw-p052.conf
A	fonts/conf.d/61-urw-standard-symbols-ps.conf
A	fonts/conf.d/61-urw-z003.conf
A	fonts/conf.d/65-fonts-persian.conf
A	fonts/conf.d/65-nonlatin.conf
A	fonts/conf.d/69-unifont.conf
A	fonts/conf.d/70-no-bitmaps-except-emoji.conf
A	fonts/conf.d/80-delicious.conf
A	fonts/conf.d/90-synthetic.conf
A	fonts/conf.d/README
A	fonts/fonts.conf
A	fstab
A	fuse.conf
A	fwupd/bios-settings.d/README.md
A	fwupd/fwupd.conf
A	fwupd/remotes.d/lvfs-testing.conf
A	fwupd/remotes.d/lvfs.conf
A	fwupd/remotes.d/vendor-directory.conf
A	gai.conf
A	gdm3/Init/Default
A	gdm3/PostLogin/Default.sample
A	gdm3/PostSession/Default
A	gdm3/PreSession/Default
A	gdm3/Xsession
A	gdm3/daemon.conf
A	gdm3/greeter.dconf-defaults
A	geoclue/geoclue.conf
A	ghostscript/cidfmap.d/90gs-cjk-resource-cns1.conf
A	ghostscript/cidfmap.d/90gs-cjk-resource-gb1.conf
A	ghostscript/cidfmap.d/90gs-cjk-resource-japan1.conf
A	ghostscript/cidfmap.d/90gs-cjk-resource-japan2.conf
A	ghostscript/cidfmap.d/90gs-cjk-resource-korea1.conf
A	ghostscript/fontmap.d/10fonts-urw-base35.conf
A	gnome/menus.blacklist
A	groff/man.local
A	groff/mdoc.local
A	group
A	group-
A	grub.d/00_header
A	grub.d/05_debian_theme
A	grub.d/10_linux
A	grub.d/20_linux_xen
A	grub.d/25_bli
A	grub.d/30_os-prober
A	grub.d/30_uefi-firmware
A	grub.d/35_fwupd
A	grub.d/40_custom
A	grub.d/41_custom
A	grub.d/README
A	gshadow
A	gshadow-
A	gtk-3.0/im-multipress.conf
A	host.conf
A	hostname
A	hosts
A	hosts.allow
A	hosts.deny
A	ifplugd/action.d/action_wpa
A	init.d/alsa-utils
A	init.d/anacron
A	init.d/apparmor
A	init.d/bluetooth
A	init.d/console-setup.sh
A	init.d/cron
A	init.d/cups
A	init.d/cups-browsed
A	init.d/dbus
A	init.d/gdm3
A	init.d/keyboard-setup.sh
A	init.d/networking
A	init.d/plymouth
A	init.d/plymouth-log
A	init.d/procps
A	init.d/qemu-guest-agent
A	init.d/saned
A	init.d/speech-dispatcher
A	init.d/spice-vdagent
A	init.d/ssh
A	init.d/sudo
A	init.d/ufw
A	init.d/wtmpdb-update-boot
A	init.d/x11-common
A	initramfs-tools/conf.d/resume
A	initramfs-tools/initramfs.conf
A	initramfs-tools/modules
A	initramfs-tools/update-initramfs.conf
A	inputrc
A	insserv.conf.d/gdm3
A	ipp-usb/ipp-usb.conf
A	issue
A	issue.net
A	kernel-img.conf
A	kernel/postinst.d/initramfs-tools
A	kernel/postinst.d/zz-update-grub
A	kernel/postrm.d/initramfs-tools
A	kernel/postrm.d/zz-update-grub
A	kernel/preinst.d/intel-microcode
A	ld.so.conf
A	ld.so.conf.d/libc.conf
A	ld.so.conf.d/x86_64-linux-gnu.conf
A	ldap/ldap.conf
A	libao.conf
A	libaudit.conf
A	libblockdev/3/conf.d/00-default.cfg
A	libnl-3/classid
A	libnl-3/pktloc
A	libreoffice/psprint.conf
A	libreoffice/registry/main.xcd
A	libreoffice/soffice.sh
A	libreoffice/sofficerc
A	lighttpd/conf-available/90-javascript-alias.conf
A	lighttpd/conf-enabled/90-javascript-alias.conf
A	locale.alias
A	locale.conf
A	locale.gen
A	localtime
A	logcheck/ignore.d.paranoid/cracklib-runtime
A	logcheck/ignore.d.server/gpg-agent
A	login.defs
A	logrotate.conf
A	logrotate.d/alternatives
A	logrotate.d/apt
A	logrotate.d/bootlog
A	logrotate.d/btmp
A	logrotate.d/cups-daemon
A	logrotate.d/dpkg
A	logrotate.d/ppp
A	logrotate.d/sane-utils
A	logrotate.d/speech-dispatcher
A	logrotate.d/ufw
A	logrotate.d/wtmp
A	logrotate.d/wtmpdb
A	lynx/lynx.cfg
A	lynx/lynx.lss
A	machine-id
A	magic
A	magic.mime
A	mailcap
A	mailcap.order
A	manpath.config
A	mime.types
A	mke2fs.conf
A	modprobe.d/intel-microcode-blacklist.conf
A	modules
A	modules-load.d/cups-filters.conf
A	modules-load.d/modules.conf
A	motd
A	nanorc
A	netconfig
A	network/if-down.d/resolved
A	network/if-down.d/wpasupplicant
A	network/if-post-down.d/wpasupplicant
A	network/if-pre-up.d/wpasupplicant
A	network/if-up.d/resolved
A	network/if-up.d/wpasupplicant
A	network/interfaces
A	networks
A	nftables.conf
A	nsswitch.conf
A	openal/alsoft.conf
A	openni2/OpenNI.ini
A	opt/chrome/native-messaging-hosts/org.gnome.browser_connector.json
A	opt/chrome/native-messaging-hosts/org.gnome.chrome_gnome_shell.json
A	os-release
A	pam.conf
A	pam.d/chfn
A	pam.d/chpasswd
A	pam.d/chsh
A	pam.d/common-account
A	pam.d/common-auth
A	pam.d/common-password
A	pam.d/common-session
A	pam.d/common-session-noninteractive
A	pam.d/cron
A	pam.d/cups
A	pam.d/gdm-autologin
A	pam.d/gdm-fingerprint
A	pam.d/gdm-launch-environment
A	pam.d/gdm-password
A	pam.d/gdm-smartcard
A	pam.d/gdm-smartcard-pkcs11-exclusive
A	pam.d/gdm-smartcard-sssd-exclusive
A	pam.d/gdm-smartcard-sssd-or-password
A	pam.d/login
A	pam.d/newusers
A	pam.d/other
A	pam.d/passwd
A	pam.d/ppp
A	pam.d/runuser
A	pam.d/runuser-l
A	pam.d/sshd
A	pam.d/su
A	pam.d/su-l
A	pam.d/sudo
A	pam.d/sudo-i
A	paperspecs
A	passwd
A	passwd-
A	perl/Net/libnet.cfg
A	pki/fwupd-metadata/GPG-KEY-Linux-Foundation-Metadata
A	pki/fwupd-metadata/GPG-KEY-Linux-Vendor-Firmware-Service
A	pki/fwupd-metadata/LVFS-CA-2025PQ.pem
A	pki/fwupd-metadata/LVFS-CA.pem
A	pki/fwupd/GPG-KEY-Linux-Foundation-Firmware
A	pki/fwupd/GPG-KEY-Linux-Vendor-Firmware-Service
A	pki/fwupd/LVFS-CA-2025PQ.pem
A	pki/fwupd/LVFS-CA.pem
A	plymouth/plymouthd.conf
A	ppp/chap-secrets
A	ppp/ip-down
A	ppp/ip-down.d/0000usepeerdns
A	ppp/ip-pre-up
A	ppp/ip-up
A	ppp/ip-up.d/0000usepeerdns
A	ppp/ipv6-down
A	ppp/ipv6-up
A	ppp/options
A	ppp/pap-secrets
A	ppp/peers/provider
A	profile
A	profile.d/70-systemd-shell-extra.sh
A	profile.d/bash_completion.sh
A	profile.d/gnome-session_gnomerc.sh
A	profile.d/im-config_wayland.sh
A	profile.d/vte-2.91.sh
A	profile.d/vte.csh
A	protocols
A	pulse/client.conf
A	python3.13/sitecustomize.py
A	python3/debian_config
A	qemu/fsfreeze-hook
A	rc0.d/K01alsa-utils
A	rc0.d/K01bluetooth
A	rc0.d/K01cups-browsed
A	rc0.d/K01gdm3
A	rc0.d/K01networking
A	rc0.d/K01plymouth
A	rc0.d/K01qemu-guest-agent
A	rc0.d/K01saned
A	rc0.d/K01speech-dispatcher
A	rc0.d/K01spice-vdagent
A	rc0.d/K01wtmpdb-update-boot
A	rc1.d/K01alsa-utils
A	rc1.d/K01bluetooth
A	rc1.d/K01cups
A	rc1.d/K01cups-browsed
A	rc1.d/K01gdm3
A	rc1.d/K01qemu-guest-agent
A	rc1.d/K01saned
A	rc1.d/K01speech-dispatcher
A	rc1.d/K01spice-vdagent
A	rc1.d/K01ufw
A	rc2.d/K01speech-dispatcher
A	rc2.d/S01anacron
A	rc2.d/S01bluetooth
A	rc2.d/S01console-setup.sh
A	rc2.d/S01cron
A	rc2.d/S01cups
A	rc2.d/S01cups-browsed
A	rc2.d/S01dbus
A	rc2.d/S01gdm3
A	rc2.d/S01plymouth
A	rc2.d/S01qemu-guest-agent
A	rc2.d/S01saned
A	rc2.d/S01spice-vdagent
A	rc2.d/S01ssh
A	rc2.d/S01sudo
A	rc3.d/K01speech-dispatcher
A	rc3.d/S01anacron
A	rc3.d/S01bluetooth
A	rc3.d/S01console-setup.sh
A	rc3.d/S01cron
A	rc3.d/S01cups
A	rc3.d/S01cups-browsed
A	rc3.d/S01dbus
A	rc3.d/S01gdm3
A	rc3.d/S01plymouth
A	rc3.d/S01qemu-guest-agent
A	rc3.d/S01saned
A	rc3.d/S01spice-vdagent
A	rc3.d/S01ssh
A	rc3.d/S01sudo
A	rc4.d/K01speech-dispatcher
A	rc4.d/S01anacron
A	rc4.d/S01bluetooth
A	rc4.d/S01console-setup.sh
A	rc4.d/S01cron
A	rc4.d/S01cups
A	rc4.d/S01cups-browsed
A	rc4.d/S01dbus
A	rc4.d/S01gdm3
A	rc4.d/S01plymouth
A	rc4.d/S01qemu-guest-agent
A	rc4.d/S01saned
A	rc4.d/S01spice-vdagent
A	rc4.d/S01ssh
A	rc4.d/S01sudo
A	rc5.d/K01speech-dispatcher
A	rc5.d/S01anacron
A	rc5.d/S01bluetooth
A	rc5.d/S01console-setup.sh
A	rc5.d/S01cron
A	rc5.d/S01cups
A	rc5.d/S01cups-browsed
A	rc5.d/S01dbus
A	rc5.d/S01gdm3
A	rc5.d/S01plymouth
A	rc5.d/S01qemu-guest-agent
A	rc5.d/S01saned
A	rc5.d/S01spice-vdagent
A	rc5.d/S01ssh
A	rc5.d/S01sudo
A	rc6.d/K01alsa-utils
A	rc6.d/K01bluetooth
A	rc6.d/K01cups-browsed
A	rc6.d/K01gdm3
A	rc6.d/K01networking
A	rc6.d/K01plymouth
A	rc6.d/K01qemu-guest-agent
A	rc6.d/K01saned
A	rc6.d/K01speech-dispatcher
A	rc6.d/K01spice-vdagent
A	rc6.d/K01wtmpdb-update-boot
A	rcS.d/S01alsa-utils
A	rcS.d/S01apparmor
A	rcS.d/S01keyboard-setup.sh
A	rcS.d/S01networking
A	rcS.d/S01plymouth-log
A	rcS.d/S01procps
A	rcS.d/S01ufw
A	rcS.d/S01wtmpdb-update-boot
A	rcS.d/S01x11-common
A	reportbug.conf
A	resolv.conf
A	rmt
A	rpc
A	rsyslog.d/20-ufw.conf
A	rygel.conf
A	sane.d/abaton.conf
A	sane.d/agfafocus.conf
A	sane.d/airscan.conf
A	sane.d/apple.conf
A	sane.d/artec.conf
A	sane.d/artec_eplus48u.conf
A	sane.d/avision.conf
A	sane.d/bh.conf
A	sane.d/canon.conf
A	sane.d/canon630u.conf
A	sane.d/canon_dr.conf
A	sane.d/canon_lide70.conf
A	sane.d/canon_pp.conf
A	sane.d/cardscan.conf
A	sane.d/coolscan.conf
A	sane.d/coolscan2.conf
A	sane.d/coolscan3.conf
A	sane.d/dc210.conf
A	sane.d/dc240.conf
A	sane.d/dc25.conf
A	sane.d/dell1600n_net.conf
A	sane.d/dll.conf
A	sane.d/dll.d/airscan
A	sane.d/dmc.conf
A	sane.d/epjitsu.conf
A	sane.d/epson.conf
A	sane.d/epson2.conf
A	sane.d/epsonds.conf
A	sane.d/escl.conf
A	sane.d/fujitsu.conf
A	sane.d/genesys.conf
A	sane.d/gphoto2.conf
A	sane.d/gt68xx.conf
A	sane.d/hp.conf
A	sane.d/hp3900.conf
A	sane.d/hp4200.conf
A	sane.d/hp5400.conf
A	sane.d/hpsj5s.conf
A	sane.d/hs2p.conf
A	sane.d/ibm.conf
A	sane.d/kodak.conf
A	sane.d/kodakaio.conf
A	sane.d/kvs1025.conf
A	sane.d/leo.conf
A	sane.d/lexmark.conf
A	sane.d/lexmark_x2600.conf
A	sane.d/ma1509.conf
A	sane.d/magicolor.conf
A	sane.d/matsushita.conf
A	sane.d/microtek.conf
A	sane.d/microtek2.conf
A	sane.d/mustek.conf
A	sane.d/mustek_pp.conf
A	sane.d/mustek_usb.conf
A	sane.d/nec.conf
A	sane.d/net.conf
A	sane.d/p5.conf
A	sane.d/pie.conf
A	sane.d/pieusb.conf
A	sane.d/pixma.conf
A	sane.d/plustek.conf
A	sane.d/plustek_pp.conf
A	sane.d/qcam.conf
A	sane.d/ricoh.conf
A	sane.d/rts8891.conf
A	sane.d/s9036.conf
A	sane.d/saned.conf
A	sane.d/sceptre.conf
A	sane.d/sharp.conf
A	sane.d/sm3840.conf
A	sane.d/snapscan.conf
A	sane.d/sp15c.conf
A	sane.d/st400.conf
A	sane.d/stv680.conf
A	sane.d/tamarack.conf
A	sane.d/teco1.conf
A	sane.d/teco2.conf
A	sane.d/teco3.conf
A	sane.d/test.conf
A	sane.d/u12.conf
A	sane.d/umax.conf
A	sane.d/umax1220u.conf
A	sane.d/umax_pp.conf
A	sane.d/v4l.conf
A	sane.d/xerox_mfp.conf
A	security/access.conf
A	security/faillock.conf
A	security/group.conf
A	security/limits.conf
A	security/limits.d/10-coredump-debian.conf
A	security/limits.d/25-pw-rlimits.conf
A	security/namespace.conf
A	security/namespace.init
A	security/opasswd
A	security/pam_env.conf
A	security/pwhistory.conf
A	security/pwquality.conf
A	security/sepermit.conf
A	security/time.conf
A	selinux/semanage.conf
A	sensors.d/.placeholder
A	sensors3.conf
A	services
A	sgml/catalog
A	sgml/docbook-xml.cat
A	sgml/docbook-xml/4.0/dbgenent.ent
A	sgml/docbook-xml/4.1.2/dbgenent.mod
A	sgml/docbook-xml/4.2/dbgenent.mod
A	sgml/docbook-xml/4.3/dbgenent.mod
A	sgml/docbook-xml/4.4/dbgenent.mod
A	sgml/docbook-xml/4.5/dbgenent.mod
A	sgml/sgml-data.cat
A	sgml/xml-core.cat
A	shadow
A	shadow-
A	shells
A	skel/.bash_logout
A	skel/.bashrc
A	skel/.face
A	skel/.face.icon
A	skel/.profile
A	snmp/snmp.conf
A	speech-dispatcher/clients/emacs.conf
A	speech-dispatcher/modules/cicero.conf
A	speech-dispatcher/modules/dtk-generic.conf
A	speech-dispatcher/modules/epos-generic.conf
A	speech-dispatcher/modules/espeak-mbrola-generic.conf
A	speech-dispatcher/modules/espeak-ng-mbrola-generic.conf
A	speech-dispatcher/modules/espeak-ng-mbrola.conf
A	speech-dispatcher/modules/espeak-ng.conf
A	speech-dispatcher/modules/espeak.conf
A	speech-dispatcher/modules/festival.conf
A	speech-dispatcher/modules/flite.conf
A	speech-dispatcher/modules/llia_phon-generic.conf
A	speech-dispatcher/modules/mary-generic.conf
A	speech-dispatcher/modules/mimic3-generic.conf
A	speech-dispatcher/modules/openjtalk.conf
A	speech-dispatcher/modules/swift-generic.conf
A	speech-dispatcher/speechd.conf
A	ssh/moduli
A	ssh/ssh_config
A	ssh/ssh_config.d/20-systemd-ssh-proxy.conf
A	ssh/ssh_host_ecdsa_key
A	ssh/ssh_host_ecdsa_key.pub
A	ssh/ssh_host_ed25519_key
A	ssh/ssh_host_ed25519_key.pub
A	ssh/ssh_host_rsa_key
A	ssh/ssh_host_rsa_key.pub
A	ssh/sshd_config
A	ssl/certs/002c0b4f.0
A	ssl/certs/0179095f.0
A	ssl/certs/02265526.0
A	ssl/certs/062cdee6.0
A	ssl/certs/064e0aa9.0
A	ssl/certs/06dc52d5.0
A	ssl/certs/09789157.0
A	ssl/certs/0a775a30.0
A	ssl/certs/0b1b94ef.0
A	ssl/certs/0b9bc432.0
A	ssl/certs/0bf05006.0
A	ssl/certs/0f5dc4f3.0
A	ssl/certs/0f6fa695.0
A	ssl/certs/1001acf7.0
A	ssl/certs/106f3e4d.0
A	ssl/certs/14bc7599.0
A	ssl/certs/1cef98f5.0
A	ssl/certs/1d3472b9.0
A	ssl/certs/1e08bfd1.0
A	ssl/certs/1e09d511.0
A	ssl/certs/228f89db.0
A	ssl/certs/244b5494.0
A	ssl/certs/2923b3f9.0
A	ssl/certs/2ae6433e.0
A	ssl/certs/2b349938.0
A	ssl/certs/32888f65.0
A	ssl/certs/3513523f.0
A	ssl/certs/3bde41ac.0
A	ssl/certs/3e359ba6.0
A	ssl/certs/3fb36b73.0
A	ssl/certs/40193066.0
A	ssl/certs/4042bcee.0
A	ssl/certs/40547a79.0
A	ssl/certs/406c9bb1.0
A	ssl/certs/48bec511.0
A	ssl/certs/4b718d9b.0
A	ssl/certs/4bfab552.0
A	ssl/certs/4f316efb.0
A	ssl/certs/4fd49c6c.0
A	ssl/certs/5443e9e3.0
A	ssl/certs/54657681.0
A	ssl/certs/5860aaa6.0
A	ssl/certs/5931b5bc.0
A	ssl/certs/5ad8a5d6.0
A	ssl/certs/5cd81ad7.0
A	ssl/certs/5f15c80c.0
A	ssl/certs/5f618aec.0
A	ssl/certs/607986c7.0
A	ssl/certs/616816f6.0
A	ssl/certs/626dceaf.0
A	ssl/certs/653b494a.0
A	ssl/certs/68dd7389.0
A	ssl/certs/6a9bdba3.0
A	ssl/certs/6b99d060.0
A	ssl/certs/6d41d539.0
A	ssl/certs/6fa5da56.0
A	ssl/certs/706f604c.0
A	ssl/certs/749e9e03.0
A	ssl/certs/75d1b2ed.0
A	ssl/certs/76faf6c0.0
A	ssl/certs/7719f463.0
A	ssl/certs/773e07ad.0
A	ssl/certs/7a3adc42.0
A	ssl/certs/7a780d93.0
A	ssl/certs/7f3d5d1d.0
A	ssl/certs/7fa05551.0
A	ssl/certs/8160b96c.0
A	ssl/certs/81f2d2b1.0
A	ssl/certs/8312c4c1.0
A	ssl/certs/8508e720.0
A	ssl/certs/865fbdf9.0
A	ssl/certs/878d9bca.0
A	ssl/certs/8cb5ee0f.0
A	ssl/certs/8d86cdd1.0
A	ssl/certs/8d89cda1.0
A	ssl/certs/8f103249.0
A	ssl/certs/9046744a.0
A	ssl/certs/90c5a3c8.0
A	ssl/certs/930ac5d2.0
A	ssl/certs/93bc0acc.0
A	ssl/certs/9482e63a.0
A	ssl/certs/9846683b.0
A	ssl/certs/988a38cb.0
A	ssl/certs/9b46e03d.0
A	ssl/certs/9b5697b0.0
A	ssl/certs/9bf03295.0
A	ssl/certs/9c8dfbd4.0
A	ssl/certs/9d04f354.0
A	ssl/certs/9ef4a08a.0
A	ssl/certs/9f727ac7.0
A	ssl/certs/ACCVRAIZ1.pem
A	ssl/certs/AC_RAIZ_FNMT-RCM.pem
A	ssl/certs/AC_RAIZ_FNMT-RCM_SERVIDORES_SEGUROS.pem
A	ssl/certs/ANF_Secure_Server_Root_CA.pem
A	ssl/certs/Actalis_Authentication_Root_CA.pem
A	ssl/certs/AffirmTrust_Commercial.pem
A	ssl/certs/AffirmTrust_Networking.pem
A	ssl/certs/AffirmTrust_Premium.pem
A	ssl/certs/AffirmTrust_Premium_ECC.pem
A	ssl/certs/Amazon_Root_CA_1.pem
A	ssl/certs/Amazon_Root_CA_2.pem
A	ssl/certs/Amazon_Root_CA_3.pem
A	ssl/certs/Amazon_Root_CA_4.pem
A	ssl/certs/Atos_TrustedRoot_2011.pem
A	ssl/certs/Atos_TrustedRoot_Root_CA_ECC_TLS_2021.pem
A	ssl/certs/Atos_TrustedRoot_Root_CA_RSA_TLS_2021.pem
A	ssl/certs/Autoridad_de_Certificacion_Firmaprofesional_CIF_A62634068.pem
A	ssl/certs/BJCA_Global_Root_CA1.pem
A	ssl/certs/BJCA_Global_Root_CA2.pem
A	ssl/certs/Baltimore_CyberTrust_Root.pem
A	ssl/certs/Buypass_Class_2_Root_CA.pem
A	ssl/certs/Buypass_Class_3_Root_CA.pem
A	ssl/certs/CA_Disig_Root_R2.pem
A	ssl/certs/CFCA_EV_ROOT.pem
A	ssl/certs/COMODO_Certification_Authority.pem
A	ssl/certs/COMODO_ECC_Certification_Authority.pem
A	ssl/certs/COMODO_RSA_Certification_Authority.pem
A	ssl/certs/Certainly_Root_E1.pem
A	ssl/certs/Certainly_Root_R1.pem
A	ssl/certs/Certigna.pem
A	ssl/certs/Certigna_Root_CA.pem
A	ssl/certs/Certum_EC-384_CA.pem
A	ssl/certs/Certum_Trusted_Network_CA.pem
A	ssl/certs/Certum_Trusted_Network_CA_2.pem
A	ssl/certs/Certum_Trusted_Root_CA.pem
A	ssl/certs/CommScope_Public_Trust_ECC_Root-01.pem
A	ssl/certs/CommScope_Public_Trust_ECC_Root-02.pem
A	ssl/certs/CommScope_Public_Trust_RSA_Root-01.pem
A	ssl/certs/CommScope_Public_Trust_RSA_Root-02.pem
A	ssl/certs/Comodo_AAA_Services_root.pem
A	ssl/certs/D-TRUST_BR_Root_CA_1_2020.pem
A	ssl/certs/D-TRUST_BR_Root_CA_2_2023.pem
A	ssl/certs/D-TRUST_EV_Root_CA_1_2020.pem
A	ssl/certs/D-TRUST_EV_Root_CA_2_2023.pem
A	ssl/certs/D-TRUST_Root_Class_3_CA_2_2009.pem
A	ssl/certs/D-TRUST_Root_Class_3_CA_2_EV_2009.pem
A	ssl/certs/DigiCert_Assured_ID_Root_CA.pem
A	ssl/certs/DigiCert_Assured_ID_Root_G2.pem
A	ssl/certs/DigiCert_Assured_ID_Root_G3.pem
A	ssl/certs/DigiCert_Global_Root_CA.pem
A	ssl/certs/DigiCert_Global_Root_G2.pem
A	ssl/certs/DigiCert_Global_Root_G3.pem
A	ssl/certs/DigiCert_High_Assurance_EV_Root_CA.pem
A	ssl/certs/DigiCert_TLS_ECC_P384_Root_G5.pem
A	ssl/certs/DigiCert_TLS_RSA4096_Root_G5.pem
A	ssl/certs/DigiCert_Trusted_Root_G4.pem
A	ssl/certs/Entrust.net_Premium_2048_Secure_Server_CA.pem
A	ssl/certs/Entrust_Root_Certification_Authority.pem
A	ssl/certs/Entrust_Root_Certification_Authority_-_EC1.pem
A	ssl/certs/Entrust_Root_Certification_Authority_-_G2.pem
A	ssl/certs/FIRMAPROFESIONAL_CA_ROOT-A_WEB.pem
A	ssl/certs/GDCA_TrustAUTH_R5_ROOT.pem
A	ssl/certs/GLOBALTRUST_2020.pem
A	ssl/certs/GTS_Root_R1.pem
A	ssl/certs/GTS_Root_R2.pem
A	ssl/certs/GTS_Root_R3.pem
A	ssl/certs/GTS_Root_R4.pem
A	ssl/certs/GlobalSign_ECC_Root_CA_-_R4.pem
A	ssl/certs/GlobalSign_ECC_Root_CA_-_R5.pem
A	ssl/certs/GlobalSign_Root_CA.pem
A	ssl/certs/GlobalSign_Root_CA_-_R3.pem
A	ssl/certs/GlobalSign_Root_CA_-_R6.pem
A	ssl/certs/GlobalSign_Root_E46.pem
A	ssl/certs/GlobalSign_Root_R46.pem
A	ssl/certs/Go_Daddy_Class_2_CA.pem
A	ssl/certs/Go_Daddy_Root_Certificate_Authority_-_G2.pem
A	ssl/certs/HARICA_TLS_ECC_Root_CA_2021.pem
A	ssl/certs/HARICA_TLS_RSA_Root_CA_2021.pem
A	ssl/certs/Hellenic_Academic_and_Research_Institutions_ECC_RootCA_2015.pem
A	ssl/certs/Hellenic_Academic_and_Research_Institutions_RootCA_2015.pem
A	ssl/certs/HiPKI_Root_CA_-_G1.pem
A	ssl/certs/Hongkong_Post_Root_CA_3.pem
A	ssl/certs/ISRG_Root_X1.pem
A	ssl/certs/ISRG_Root_X2.pem
A	ssl/certs/IdenTrust_Commercial_Root_CA_1.pem
A	ssl/certs/IdenTrust_Public_Sector_Root_CA_1.pem
A	ssl/certs/Izenpe.com.pem
A	ssl/certs/Microsec_e-Szigno_Root_CA_2009.pem
A	ssl/certs/Microsoft_ECC_Root_Certificate_Authority_2017.pem
A	ssl/certs/Microsoft_RSA_Root_Certificate_Authority_2017.pem
A	ssl/certs/NAVER_Global_Root_Certification_Authority.pem
A	"ssl/certs/NetLock_Arany_=Class_Gold=_F\305\221tan\303\272s\303\255tv\303\241ny.pem"
A	ssl/certs/OISTE_WISeKey_Global_Root_GB_CA.pem
A	ssl/certs/OISTE_WISeKey_Global_Root_GC_CA.pem
A	ssl/certs/QuoVadis_Root_CA_1_G3.pem
A	ssl/certs/QuoVadis_Root_CA_2.pem
A	ssl/certs/QuoVadis_Root_CA_2_G3.pem
A	ssl/certs/QuoVadis_Root_CA_3.pem
A	ssl/certs/QuoVadis_Root_CA_3_G3.pem
A	ssl/certs/SSL.com_EV_Root_Certification_Authority_ECC.pem
A	ssl/certs/SSL.com_EV_Root_Certification_Authority_RSA_R2.pem
A	ssl/certs/SSL.com_Root_Certification_Authority_ECC.pem
A	ssl/certs/SSL.com_Root_Certification_Authority_RSA.pem
A	ssl/certs/SSL.com_TLS_ECC_Root_CA_2022.pem
A	ssl/certs/SSL.com_TLS_RSA_Root_CA_2022.pem
A	ssl/certs/SZAFIR_ROOT_CA2.pem
A	ssl/certs/Sectigo_Public_Server_Authentication_Root_E46.pem
A	ssl/certs/Sectigo_Public_Server_Authentication_Root_R46.pem
A	ssl/certs/SecureSign_Root_CA12.pem
A	ssl/certs/SecureSign_Root_CA14.pem
A	ssl/certs/SecureSign_Root_CA15.pem
A	ssl/certs/SecureTrust_CA.pem
A	ssl/certs/Secure_Global_CA.pem
A	ssl/certs/Security_Communication_ECC_RootCA1.pem
A	ssl/certs/Security_Communication_RootCA2.pem
A	ssl/certs/Starfield_Class_2_CA.pem
A	ssl/certs/Starfield_Root_Certificate_Authority_-_G2.pem
A	ssl/certs/Starfield_Services_Root_Certificate_Authority_-_G2.pem
A	ssl/certs/SwissSign_Gold_CA_-_G2.pem
A	ssl/certs/T-TeleSec_GlobalRoot_Class_2.pem
A	ssl/certs/T-TeleSec_GlobalRoot_Class_3.pem
A	ssl/certs/TUBITAK_Kamu_SM_SSL_Kok_Sertifikasi_-_Surum_1.pem
A	ssl/certs/TWCA_CYBER_Root_CA.pem
A	ssl/certs/TWCA_Global_Root_CA.pem
A	ssl/certs/TWCA_Root_Certification_Authority.pem
A	ssl/certs/Telekom_Security_TLS_ECC_Root_2020.pem
A	ssl/certs/Telekom_Security_TLS_RSA_Root_2023.pem
A	ssl/certs/TeliaSonera_Root_CA_v1.pem
A	ssl/certs/Telia_Root_CA_v2.pem
A	ssl/certs/TrustAsia_Global_Root_CA_G3.pem
A	ssl/certs/TrustAsia_Global_Root_CA_G4.pem
A	ssl/certs/Trustwave_Global_Certification_Authority.pem
A	ssl/certs/Trustwave_Global_ECC_P256_Certification_Authority.pem
A	ssl/certs/Trustwave_Global_ECC_P384_Certification_Authority.pem
A	ssl/certs/TunTrust_Root_CA.pem
A	ssl/certs/UCA_Extended_Validation_Root.pem
A	ssl/certs/UCA_Global_G2_Root.pem
A	ssl/certs/USERTrust_ECC_Certification_Authority.pem
A	ssl/certs/USERTrust_RSA_Certification_Authority.pem
A	ssl/certs/XRamp_Global_CA_Root.pem
A	ssl/certs/a09a51ae.0
A	ssl/certs/a3418fda.0
A	ssl/certs/a89d74c2.0
A	ssl/certs/a94d09e5.0
A	ssl/certs/aee5f10d.0
A	ssl/certs/b0e59380.0
A	ssl/certs/b1159c4c.0
A	ssl/certs/b433981b.0
A	ssl/certs/b66938e9.0
A	ssl/certs/b727005e.0
A	ssl/certs/b7a5b843.0
A	ssl/certs/b81b93f0.0
A	ssl/certs/b8d25de6.0
A	ssl/certs/ba8887ce.0
A	ssl/certs/bf53fb88.0
A	ssl/certs/c01eb047.0
A	ssl/certs/c28a8a30.0
A	ssl/certs/ca-certificates.crt
A	ssl/certs/ca6e4ad9.0
A	ssl/certs/cbf06781.0
A	ssl/certs/cc450945.0
A	ssl/certs/cd58d51e.0
A	ssl/certs/cd8c0d63.0
A	ssl/certs/ce5e74ef.0
A	ssl/certs/certSIGN_ROOT_CA.pem
A	ssl/certs/certSIGN_Root_CA_G2.pem
A	ssl/certs/d4dae3dd.0
A	ssl/certs/d52c538d.0
A	ssl/certs/d6325660.0
A	ssl/certs/d7e8dc79.0
A	ssl/certs/d887a5bb.0
A	ssl/certs/da0cfd1d.0
A	ssl/certs/dc4d6a89.0
A	ssl/certs/dd8e9d41.0
A	ssl/certs/ddcda989.0
A	ssl/certs/de6d66f3.0
A	ssl/certs/e-Szigno_Root_CA_2017.pem
A	ssl/certs/e113c810.0
A	ssl/certs/e18bfb83.0
A	ssl/certs/e35234b1.0
A	ssl/certs/e36a6752.0
A	ssl/certs/e73d606e.0
A	ssl/certs/e868b802.0
A	ssl/certs/e8de2f56.0
A	ssl/certs/ePKI_Root_Certification_Authority.pem
A	ssl/certs/ecccd8db.0
A	ssl/certs/ed858448.0
A	ssl/certs/ee64a828.0
A	ssl/certs/eed8c118.0
A	ssl/certs/ef954a4e.0
A	ssl/certs/emSign_ECC_Root_CA_-_C3.pem
A	ssl/certs/emSign_ECC_Root_CA_-_G3.pem
A	ssl/certs/emSign_Root_CA_-_C1.pem
A	ssl/certs/emSign_Root_CA_-_G1.pem
A	ssl/certs/f081611a.0
A	ssl/certs/f0c70a8d.0
A	ssl/certs/f249de83.0
A	ssl/certs/f30dd6ad.0
A	ssl/certs/f387163d.0
A	ssl/certs/f39fc864.0
A	ssl/certs/f51bb24c.0
A	ssl/certs/fa5da96b.0
A	ssl/certs/fb717492.0
A	ssl/certs/fc5a8f99.0
A	ssl/certs/fd64f3fc.0
A	ssl/certs/fe8a2cd8.0
A	ssl/certs/feffd413.0
A	ssl/certs/ff252781.0
A	ssl/certs/ff34af3f.0
A	ssl/certs/ffdd40f9.0
A	ssl/certs/ssl-cert-snakeoil.pem
A	ssl/certs/vTrus_ECC_Root_CA.pem
A	ssl/certs/vTrus_Root_CA.pem
A	ssl/openssl.cnf
A	ssl/private/ssl-cert-snakeoil.key
A	subgid
A	subgid-
A	subuid
A	subuid-
A	sudo.conf
A	sudo_logsrvd.conf
A	sudoers
A	sudoers.d/README
A	supercat/spcrc-crontab
A	supercat/spcrc-crontab-light
A	sv/ssh/.meta/installed
A	sv/ssh/finish
A	sv/ssh/log/run
A	sv/ssh/run
A	sysctl.d/README.sysctl
A	systemd/journald.conf
A	systemd/logind.conf
A	systemd/networkd.conf
A	systemd/pstore.conf
A	systemd/sleep.conf
A	systemd/system.conf
A	systemd/system/basic.target.wants/low-memory-monitor.service
A	systemd/system/bluetooth.target.wants/bluetooth.service
A	systemd/system/dbus-fi.w1.wpa_supplicant1.service
A	systemd/system/dbus-org.bluez.service
A	systemd/system/dbus-org.freedesktop.Avahi.service
A	systemd/system/dbus-org.freedesktop.ModemManager1.service
A	systemd/system/dbus-org.freedesktop.nm-dispatcher.service
A	systemd/system/dbus-org.freedesktop.timesync1.service
A	systemd/system/default.target.wants/wtmpdb-update-boot.service
A	systemd/system/display-manager.service
A	systemd/system/getty.target.wants/getty@tty1.service
A	systemd/system/graphical.target.wants/accounts-daemon.service
A	systemd/system/graphical.target.wants/power-profiles-daemon.service
A	systemd/system/graphical.target.wants/switcheroo-control.service
A	systemd/system/graphical.target.wants/udisks2.service
A	systemd/system/hibernate.target.wants/grub-common.service
A	systemd/system/hybrid-sleep.target.wants/grub-common.service
A	systemd/system/multi-user.target.wants/ModemManager.service
A	systemd/system/multi-user.target.wants/NetworkManager.service
A	systemd/system/multi-user.target.wants/anacron.service
A	systemd/system/multi-user.target.wants/avahi-daemon.service
A	systemd/system/multi-user.target.wants/console-setup.service
A	systemd/system/multi-user.target.wants/cron.service
A	systemd/system/multi-user.target.wants/cups-browsed.service
A	systemd/system/multi-user.target.wants/cups.path
A	systemd/system/multi-user.target.wants/cups.service
A	systemd/system/multi-user.target.wants/e2scrub_reap.service
A	systemd/system/multi-user.target.wants/etckeeper.timer
A	systemd/system/multi-user.target.wants/grub-common.service
A	systemd/system/multi-user.target.wants/networking.service
A	systemd/system/multi-user.target.wants/remote-fs.target
A	systemd/system/multi-user.target.wants/ssh.service
A	systemd/system/multi-user.target.wants/ufw.service
A	systemd/system/multi-user.target.wants/wpa_supplicant.service
A	systemd/system/network-online.target.wants/NetworkManager-wait-online.service
A	systemd/system/network-online.target.wants/networking.service
A	systemd/system/printer.target.wants/cups.service
A	systemd/system/sockets.target.wants/avahi-daemon.socket
A	systemd/system/sockets.target.wants/cups.socket
A	systemd/system/ssh.service.wants/sshd-keygen.service
A	systemd/system/ssh.socket.wants/sshd-keygen.service
A	systemd/system/sshd.service
A	systemd/system/sshd.service.wants/sshd-keygen.service
A	systemd/system/sshd@.service.wants/sshd-keygen.service
A	systemd/system/suspend-then-hibernate.target.wants/grub-common.service
A	systemd/system/suspend.target.wants/grub-common.service
A	systemd/system/sysinit.target.wants/apparmor.service
A	systemd/system/sysinit.target.wants/keyboard-setup.service
A	systemd/system/sysinit.target.wants/systemd-pstore.service
A	systemd/system/sysinit.target.wants/systemd-timesyncd.service
A	systemd/system/timers.target.wants/anacron.timer
A	systemd/system/timers.target.wants/apt-daily-upgrade.timer
A	systemd/system/timers.target.wants/apt-daily.timer
A	systemd/system/timers.target.wants/dpkg-db-backup.timer
A	systemd/system/timers.target.wants/e2scrub_all.timer
A	systemd/system/timers.target.wants/fstrim.timer
A	systemd/system/timers.target.wants/fwupd-refresh.timer
A	systemd/system/timers.target.wants/logrotate.timer
A	systemd/system/timers.target.wants/man-db.timer
A	systemd/timesyncd.conf
A	systemd/user.conf
A	systemd/user/dbus-org.bluez.obex.service
A	systemd/user/default.target.wants/filter-chain.service
A	systemd/user/default.target.wants/mpris-proxy.service
A	systemd/user/default.target.wants/pipewire-pulse.service
A	systemd/user/default.target.wants/pipewire.service
A	systemd/user/gnome-session.target.wants/localsearch-3.service
A	systemd/user/gnome-session.target.wants/org.freedesktop.IBus.session.GNOME.service
A	systemd/user/graphical-session-pre.target.wants/gcr-ssh-agent.service
A	systemd/user/graphical-session-pre.target.wants/gnome-keyring-daemon.service
A	systemd/user/graphical-session-pre.target.wants/user-session-migration.service
A	systemd/user/graphical-session-pre.target.wants/xdg-desktop-portal-rewrite-launchers.service
A	systemd/user/pipewire.service.wants/wireplumber.service
A	systemd/user/sockets.target.wants/dirmngr.socket
A	systemd/user/sockets.target.wants/gcr-ssh-agent.socket
A	systemd/user/sockets.target.wants/gnome-keyring-daemon.socket
A	systemd/user/sockets.target.wants/gpg-agent-browser.socket
A	systemd/user/sockets.target.wants/gpg-agent-extra.socket
A	systemd/user/sockets.target.wants/gpg-agent-ssh.socket
A	systemd/user/sockets.target.wants/gpg-agent.socket
A	systemd/user/sockets.target.wants/keyboxd.socket
A	systemd/user/sockets.target.wants/pipewire-pulse.socket
A	systemd/user/sockets.target.wants/pipewire.socket
A	systemd/user/sockets.target.wants/pk-debconf-helper.socket
A	systemd/user/sockets.target.wants/speech-dispatcher.socket
A	systemd/user/sockets.target.wants/ssh-agent.socket
A	terminfo/README
A	timidity/timgm6mb.cfg
A	ucf.conf
A	udev/iocost.conf
A	udev/udev.conf
A	udisks2/mount_options.conf.example
A	udisks2/udisks2.conf
A	ufw/after.init
A	ufw/after.rules
A	ufw/after6.rules
A	ufw/applications.d/cups
A	ufw/applications.d/openssh-server
A	ufw/applications.d/ufw-bittorent
A	ufw/applications.d/ufw-chat
A	ufw/applications.d/ufw-directoryserver
A	ufw/applications.d/ufw-dnsserver
A	ufw/applications.d/ufw-fileserver
A	ufw/applications.d/ufw-loginserver
A	ufw/applications.d/ufw-mailserver
A	ufw/applications.d/ufw-printserver
A	ufw/applications.d/ufw-proxyserver
A	ufw/applications.d/ufw-webserver
A	ufw/before.init
A	ufw/before.rules
A	ufw/before6.rules
A	ufw/sysctl.conf
A	ufw/ufw.conf
A	ufw/user.rules
A	ufw/user6.rules
A	update-motd.d/10-uname
A	update-motd.d/85-fwupd
A	usb_modeswitch.conf
A	vconsole.conf
A	vdpau_wrapper.cfg
A	vim/vimrc
A	vim/vimrc.tiny
A	wgetrc
A	wpa_supplicant/action_wpa.sh
A	wpa_supplicant/functions.sh
A	wpa_supplicant/ifupdown.sh
A	xattr.conf
A	xdg/Xwayland-session.d/00-at-spi
A	xdg/Xwayland-session.d/00-xrdb
A	xdg/Xwayland-session.d/10-ibus-x11
A	xdg/autostart/at-spi-dbus-bus.desktop
A	xdg/autostart/geoclue-demo-agent.desktop
A	xdg/autostart/gnome-keyring-pkcs11.desktop
A	xdg/autostart/gnome-keyring-secrets.desktop
A	xdg/autostart/gnome-keyring-ssh.desktop
A	xdg/autostart/im-launch.desktop
A	xdg/autostart/localsearch-3.desktop
A	xdg/autostart/orca-autostart.desktop
A	xdg/autostart/org.gnome.Evolution-alarm-notify.desktop
A	xdg/autostart/org.gnome.SettingsDaemon.A11ySettings.desktop
A	xdg/autostart/org.gnome.SettingsDaemon.Color.desktop
A	xdg/autostart/org.gnome.SettingsDaemon.Datetime.desktop
A	xdg/autostart/org.gnome.SettingsDaemon.DiskUtilityNotify.desktop
A	xdg/autostart/org.gnome.SettingsDaemon.Housekeeping.desktop
A	xdg/autostart/org.gnome.SettingsDaemon.Keyboard.desktop
A	xdg/autostart/org.gnome.SettingsDaemon.MediaKeys.desktop
A	xdg/autostart/org.gnome.SettingsDaemon.Power.desktop
A	xdg/autostart/org.gnome.SettingsDaemon.PrintNotifications.desktop
A	xdg/autostart/org.gnome.SettingsDaemon.Rfkill.desktop
A	xdg/autostart/org.gnome.SettingsDaemon.ScreensaverProxy.desktop
A	xdg/autostart/org.gnome.SettingsDaemon.Sharing.desktop
A	xdg/autostart/org.gnome.SettingsDaemon.Smartcard.desktop
A	xdg/autostart/org.gnome.SettingsDaemon.Sound.desktop
A	xdg/autostart/org.gnome.SettingsDaemon.UsbProtection.desktop
A	xdg/autostart/org.gnome.SettingsDaemon.Wacom.desktop
A	xdg/autostart/org.gnome.SettingsDaemon.Wwan.desktop
A	xdg/autostart/org.gnome.SettingsDaemon.XSettings.desktop
A	xdg/autostart/org.gnome.Software.desktop
A	xdg/autostart/spice-vdagent.desktop
A	xdg/autostart/user-dirs-update-gtk.desktop
A	xdg/autostart/xdg-user-dirs-kde.desktop
A	xdg/autostart/xdg-user-dirs.desktop
A	xdg/kcm-about-distrorc
A	xdg/kickoffrc
A	xdg/menus/gnome-applications.menu
A	xdg/plasma-workspace/env/env.sh
A	xdg/systemd/user
A	xdg/user-dirs.conf
A	xdg/user-dirs.defaults
A	xml/catalog
A	xml/docbook-xml.xml
A	xml/polkitd.xml
A	xml/sgml-data.xml
A	xml/xml-core.xml
